// Jest Snapshot v1, https://goo.gl/fbAQLP

exports[`Pruebas en <LoginScreen /> Debe de mostrarse correctamente 1`] = `
<div
  className="container mt-5"
>
  <h1>
     Login Screen 
  </h1>
  <hr />
  <form
    onSubmit={[Function]}
  >
    <input
      autoComplete="off"
      className="form-control"
      name="nameLogin"
      onChange={[Function]}
      placeholder="Enter your name"
      type="text"
      value=""
    />
    <br />
    <button
      className="btn btn-primary"
      type="submit"
    >
      Login
    </button>
  </form>
</div>
`;
